00:00 +0: loading C:/Users/g├Âkhan/Desktop/hesapps/test/features/banking/domain/usecases/calculate_credit_test.dart
00:00 +0 -1: loading C:/Users/g├Âkhan/Desktop/hesapps/test/features/banking/domain/usecases/calculate_credit_test.dart [E]
  Failed to load "C:/Users/g├Âkhan/Desktop/hesapps/test/features/banking/domain/usecases/calculate_credit_test.dart":
  Compilation failed for testPath=C:/Users/g├Âkhan/Desktop/hesapps/test/features/banking/domain/usecases/calculate_credit_test.dart: lib/features/banking/domain/usecases/calculate_credit.dart:18:48: Error: A value of type 'Decimal' can't be assigned to a variable of type 'Rational'.
   - 'Decimal' is from 'package:decimal/decimal.dart' ('../../AppData/Local/Pub/Cache/hosted/pub.dev/decimal-3.2.4/lib/decimal.dart').
   - 'Rational' is from 'package:rational/rational.dart' ('../../AppData/Local/Pub/Cache/hosted/pub.dev/rational-2.2.3/lib/rational.dart').
      final r = (monthlyRatePercent / hundred) * bsmvKkdfFactor;
                                                 ^
  lib/features/banking/domain/usecases/calculate_credit.dart:29:36: Error: A value of type 'Rational' can't be assigned to a variable of type 'Decimal'.
   - 'Rational' is from 'package:rational/rational.dart' ('../../AppData/Local/Pub/Cache/hosted/pub.dev/rational-2.2.3/lib/rational.dart').
   - 'Decimal' is from 'package:decimal/decimal.dart' ('../../AppData/Local/Pub/Cache/hosted/pub.dev/decimal-3.2.4/lib/decimal.dart').
      final onePlusR = Decimal.one + r;
                                     ^
  lib/features/banking/domain/usecases/calculate_credit.dart:35:35: Error: A value of type 'Rational' can't be assigned to a variable of type 'Decimal'.
   - 'Rational' is from 'package:rational/rational.dart' ('../../AppData/Local/Pub/Cache/hosted/pub.dev/rational-2.2.3/lib/rational.dart').
   - 'Decimal' is from 'package:decimal/decimal.dart' ('../../AppData/Local/Pub/Cache/hosted/pub.dev/decimal-3.2.4/lib/decimal.dart').
      final numerator = principal * r * onePlusRPowN;
                                    ^
  .
00:00 +0 -1: Some tests failed.
